%Warning-PINCONNECTEMPTY: alu.sv:16:10: Instance pin connected by name with empty reference: 'a'
   16 |         .a(), .b(), .sum(),
      |          ^
                          ... For warning description see https://verilator.org/warn/PINCONNECTEMPTY?v=5.050
                          ... Use "/* verilator lint_off PINCONNECTEMPTY */" and lint_on around source to disable this message.
%Warning-PINCONNECTEMPTY: alu.sv:16:16: Instance pin connected by name with empty reference: 'b'
   16 |         .a(), .b(), .sum(),
      |                ^
%Warning-PINCONNECTEMPTY: alu.sv:16:22: Instance pin connected by name with empty reference: 'sum'
   16 |         .a(), .b(), .sum(),
      |                      ^~~
%Warning-PINCONNECTEMPTY: alu.sv:17:10: Instance pin connected by name with empty reference: 'carry'
   17 |         .carry(), .overflow()
      |          ^~~~~
%Warning-PINCONNECTEMPTY: alu.sv:17:20: Instance pin connected by name with empty reference: 'overflow'
   17 |         .carry(), .overflow()
      |                    ^~~~~~~~
%Warning-PINCONNECTEMPTY: alu.sv:20:10: Instance pin connected by name with empty reference: 'a'
   20 |         .a(), .b(), .resta(),
      |          ^
%Warning-PINCONNECTEMPTY: alu.sv:20:16: Instance pin connected by name with empty reference: 'b'
   20 |         .a(), .b(), .resta(),
      |                ^
%Warning-PINCONNECTEMPTY: alu.sv:20:22: Instance pin connected by name with empty reference: 'resta'
   20 |         .a(), .b(), .resta(),
      |                      ^~~~~
%Warning-PINCONNECTEMPTY: alu.sv:21:10: Instance pin connected by name with empty reference: 'carry'
   21 |         .carry(), .overflow()
      |          ^~~~~
%Warning-PINCONNECTEMPTY: alu.sv:21:20: Instance pin connected by name with empty reference: 'overflow'
   21 |         .carry(), .overflow()
      |                    ^~~~~~~~
%Warning-PINCONNECTEMPTY: alu.sv:25:10: Instance pin connected by name with empty reference: 'a'
   25 |         .a(), .b(), .iguales()
      |          ^
%Warning-PINCONNECTEMPTY: alu.sv:25:16: Instance pin connected by name with empty reference: 'b'
   25 |         .a(), .b(), .iguales()
      |                ^
%Warning-PINCONNECTEMPTY: alu.sv:25:22: Instance pin connected by name with empty reference: 'iguales'
   25 |         .a(), .b(), .iguales()
      |                      ^~~~~~~
%Warning-PINCONNECTEMPTY: alu.sv:28:10: Instance pin connected by name with empty reference: 'dato'
   28 |         .dato(), .negativo()
      |          ^~~~
%Warning-PINCONNECTEMPTY: alu.sv:28:19: Instance pin connected by name with empty reference: 'negativo'
   28 |         .dato(), .negativo()
      |                   ^~~~~~~~
%Warning-TIMESCALEMOD: tp1_pkg.sv:9:9: Timescale missing on this module as other modules have it (IEEE 1800-2023 3.14.2.3)
    9 | package tp1_pkg;
      |         ^~~~~~~
                       alu_tb.sv:2:8: ... Location of module with timescale
    2 | module alu_tb;
      |        ^~~~~~
                       ... For warning description see https://verilator.org/warn/TIMESCALEMOD?v=5.050
                       ... Use "/* verilator lint_off TIMESCALEMOD */" and lint_on around source to disable this message.
%Warning-TIMESCALEMOD: bloques_alu.sv:4:8: Timescale missing on this module as other modules have it (IEEE 1800-2023 3.14.2.3)
    4 | module sumador_flags #(parameter int DATA_WIDTH = 32) (
      |        ^~~~~~~~~~~~~
                       alu_tb.sv:2:8: ... Location of module with timescale
    2 | module alu_tb;
      |        ^~~~~~
%Warning-TIMESCALEMOD: bloques_alu.sv:14:8: Timescale missing on this module as other modules have it (IEEE 1800-2023 3.14.2.3)
   14 | module restador_flags #(parameter int DATA_WIDTH = 32) (
      |        ^~~~~~~~~~~~~~
                       alu_tb.sv:2:8: ... Location of module with timescale
    2 | module alu_tb;
      |        ^~~~~~
%Warning-TIMESCALEMOD: bloques_alu.sv:26:8: Timescale missing on this module as other modules have it (IEEE 1800-2023 3.14.2.3)
   26 | module comparador #(parameter int DATA_WIDTH = 32) (
      |        ^~~~~~~~~~
                       alu_tb.sv:2:8: ... Location of module with timescale
    2 | module alu_tb;
      |        ^~~~~~
%Warning-TIMESCALEMOD: bloques_alu.sv:33:8: Timescale missing on this module as other modules have it (IEEE 1800-2023 3.14.2.3)
   33 | module negativo #(parameter int DATA_WIDTH = 32) (
      |        ^~~~~~~~
                       alu_tb.sv:2:8: ... Location of module with timescale
    2 | module alu_tb;
      |        ^~~~~~
%Warning-TIMESCALEMOD: alu.sv:4:8: Timescale missing on this module as other modules have it (IEEE 1800-2023 3.14.2.3)
    4 | module alu #(parameter int DATA_WIDTH = 32) (alu_if.alu alu_io);
      |        ^~~
                       alu_tb.sv:2:8: ... Location of module with timescale
    2 | module alu_tb;
      |        ^~~~~~
%Warning-WIDTHEXPAND: alu_tb.sv:19:11: Operator ASSIGN expects 64 bits on the Assign RHS, but Assign RHS's SIGNED generates 32 bits.
                                     : ... note: In instance 'alu_tb'
   19 |         sa=$signed(a); sb=$signed(b); ua={32'b0,a}; ub={32'b0,b};
      |           ^
                      ... For warning description see https://verilator.org/warn/WIDTHEXPAND?v=5.050
                      ... Use "/* verilator lint_off WIDTHEXPAND */" and lint_on around source to disable this message.
%Warning-WIDTHEXPAND: alu_tb.sv:19:26: Operator ASSIGN expects 64 bits on the Assign RHS, but Assign RHS's SIGNED generates 32 bits.
                                     : ... note: In instance 'alu_tb'
   19 |         sa=$signed(a); sb=$signed(b); ua={32'b0,a}; ub={32'b0,b};
      |                          ^
%Warning-UNUSEDSIGNAL: alu.sv:5:28: Signal is not used: 'operand_a'
                                  : ... note: In instance 'alu_tb.dut'
    5 |     logic [DATA_WIDTH-1:0] operand_a, operand_b;
      |                            ^~~~~~~~~
                       ... For warning description see https://verilator.org/warn/UNUSEDSIGNAL?v=5.050
                       ... Use "/* verilator lint_off UNUSEDSIGNAL */" and lint_on around source to disable this message.
%Warning-UNUSEDSIGNAL: alu.sv:5:39: Signal is not used: 'operand_b'
                                  : ... note: In instance 'alu_tb.dut'
    5 |     logic [DATA_WIDTH-1:0] operand_a, operand_b;
      |                                       ^~~~~~~~~
%Warning-UNUSEDSIGNAL: alu.sv:6:28: Signal is not driven, nor used: 'suma'
                                  : ... note: In instance 'alu_tb.dut'
    6 |     logic [DATA_WIDTH-1:0] suma, resta, resultado;
      |                            ^~~~
%Warning-UNUSEDSIGNAL: alu.sv:6:34: Signal is not driven, nor used: 'resta'
                                  : ... note: In instance 'alu_tb.dut'
    6 |     logic [DATA_WIDTH-1:0] suma, resta, resultado;
      |                                  ^~~~~
%Warning-UNUSEDSIGNAL: alu.sv:7:11: Signal is not driven, nor used: 'carry_suma'
                                  : ... note: In instance 'alu_tb.dut'
    7 |     logic carry_suma, overflow_suma, carry_resta, overflow_resta;
      |           ^~~~~~~~~~
%Warning-UNUSEDSIGNAL: alu.sv:7:23: Signal is not driven, nor used: 'overflow_suma'
                                  : ... note: In instance 'alu_tb.dut'
    7 |     logic carry_suma, overflow_suma, carry_resta, overflow_resta;
      |                       ^~~~~~~~~~~~~
%Warning-UNUSEDSIGNAL: alu.sv:7:38: Signal is not driven, nor used: 'carry_resta'
                                  : ... note: In instance 'alu_tb.dut'
    7 |     logic carry_suma, overflow_suma, carry_resta, overflow_resta;
      |                                      ^~~~~~~~~~~
%Warning-UNUSEDSIGNAL: alu.sv:7:51: Signal is not driven, nor used: 'overflow_resta'
                                  : ... note: In instance 'alu_tb.dut'
    7 |     logic carry_suma, overflow_suma, carry_resta, overflow_resta;
      |                                                   ^~~~~~~~~~~~~~
%Warning-UNUSEDSIGNAL: alu.sv:8:11: Signal is not used: 'carry_resultado'
                                  : ... note: In instance 'alu_tb.dut'
    8 |     logic carry_resultado, overflow_resultado, opcode_valido;
      |           ^~~~~~~~~~~~~~~
%Warning-UNUSEDSIGNAL: alu.sv:8:28: Signal is not used: 'overflow_resultado'
                                  : ... note: In instance 'alu_tb.dut'
    8 |     logic carry_resultado, overflow_resultado, opcode_valido;
      |                            ^~~~~~~~~~~~~~~~~~
%Warning-UNUSEDSIGNAL: alu.sv:8:48: Signal is not used: 'opcode_valido'
                                  : ... note: In instance 'alu_tb.dut'
    8 |     logic carry_resultado, overflow_resultado, opcode_valido;
      |                                                ^~~~~~~~~~~~~
%Warning-UNUSEDSIGNAL: alu.sv:9:11: Signal is not driven, nor used: 'es_cero'
                                  : ... note: In instance 'alu_tb.dut'
    9 |     logic es_cero, es_negativo;
      |           ^~~~~~~
%Warning-UNUSEDSIGNAL: alu.sv:9:20: Signal is not driven, nor used: 'es_negativo'
                                  : ... note: In instance 'alu_tb.dut'
    9 |     logic es_cero, es_negativo;
      |                    ^~~~~~~~~~~
make[1]: Entering directory '/tmp/tp1-sim.0dVnKp/obj_dir'
ccache g++ -Os  -I.  -MMD -I/usr/local/share/verilator/include -I/usr/local/share/verilator/include/vltstd -DVERILATOR=1 -DVM_COVERAGE=0 -DVM_SC=0 -DVM_TIMING=1 -DVM_TRACE=1 -DVM_TRACE_FST=0 -DVM_TRACE_VCD=1 -DVM_TRACE_SAIF=0 -DVM_VPI=0 -faligned-new -fcf-protection=none -Wno-bool-operation -Wno-int-in-bool-context -Wno-shadow -Wno-sign-compare -Wno-subobject-linkage -Wno-tautological-compare -Wno-uninitialized -Wno-unused-but-set-parameter -Wno-unused-but-set-variable -Wno-unused-parameter -Wno-unused-variable    -DVL_TIME_CONTEXT   -fcoroutines -c -o verilated.o /usr/local/share/verilator/include/verilated.cpp
ccache g++ -Os  -I.  -MMD -I/usr/local/share/verilator/include -I/usr/local/share/verilator/include/vltstd -DVERILATOR=1 -DVM_COVERAGE=0 -DVM_SC=0 -DVM_TIMING=1 -DVM_TRACE=1 -DVM_TRACE_FST=0 -DVM_TRACE_VCD=1 -DVM_TRACE_SAIF=0 -DVM_VPI=0 -faligned-new -fcf-protection=none -Wno-bool-operation -Wno-int-in-bool-context -Wno-shadow -Wno-sign-compare -Wno-subobject-linkage -Wno-tautological-compare -Wno-uninitialized -Wno-unused-but-set-parameter -Wno-unused-but-set-variable -Wno-unused-parameter -Wno-unused-variable    -DVL_TIME_CONTEXT   -fcoroutines -c -o verilated_vcd_c.o /usr/local/share/verilator/include/verilated_vcd_c.cpp
ccache g++ -Os  -I.  -MMD -I/usr/local/share/verilator/include -I/usr/local/share/verilator/include/vltstd -DVERILATOR=1 -DVM_COVERAGE=0 -DVM_SC=0 -DVM_TIMING=1 -DVM_TRACE=1 -DVM_TRACE_FST=0 -DVM_TRACE_VCD=1 -DVM_TRACE_SAIF=0 -DVM_VPI=0 -faligned-new -fcf-protection=none -Wno-bool-operation -Wno-int-in-bool-context -Wno-shadow -Wno-sign-compare -Wno-subobject-linkage -Wno-tautological-compare -Wno-uninitialized -Wno-unused-but-set-parameter -Wno-unused-but-set-variable -Wno-unused-parameter -Wno-unused-variable    -DVL_TIME_CONTEXT   -fcoroutines -c -o verilated_timing.o /usr/local/share/verilator/include/verilated_timing.cpp
ccache g++ -Os  -I.  -MMD -I/usr/local/share/verilator/include -I/usr/local/share/verilator/include/vltstd -DVERILATOR=1 -DVM_COVERAGE=0 -DVM_SC=0 -DVM_TIMING=1 -DVM_TRACE=1 -DVM_TRACE_FST=0 -DVM_TRACE_VCD=1 -DVM_TRACE_SAIF=0 -DVM_VPI=0 -faligned-new -fcf-protection=none -Wno-bool-operation -Wno-int-in-bool-context -Wno-shadow -Wno-sign-compare -Wno-subobject-linkage -Wno-tautological-compare -Wno-uninitialized -Wno-unused-but-set-parameter -Wno-unused-but-set-variable -Wno-unused-parameter -Wno-unused-variable    -DVL_TIME_CONTEXT   -fcoroutines -c -o verilated_threads.o /usr/local/share/verilator/include/verilated_threads.cpp
ccache g++ -Os  -I.  -MMD -I/usr/local/share/verilator/include -I/usr/local/share/verilator/include/vltstd -DVERILATOR=1 -DVM_COVERAGE=0 -DVM_SC=0 -DVM_TIMING=1 -DVM_TRACE=1 -DVM_TRACE_FST=0 -DVM_TRACE_VCD=1 -DVM_TRACE_SAIF=0 -DVM_VPI=0 -faligned-new -fcf-protection=none -Wno-bool-operation -Wno-int-in-bool-context -Wno-shadow -Wno-sign-compare -Wno-subobject-linkage -Wno-tautological-compare -Wno-uninitialized -Wno-unused-but-set-parameter -Wno-unused-but-set-variable -Wno-unused-parameter -Wno-unused-variable    -DVL_TIME_CONTEXT   -fcoroutines -x c++-header Valu_tb__pch.h -o Valu_tb__pch.h.fast.gch
ccache g++   -I.  -MMD -I/usr/local/share/verilator/include -I/usr/local/share/verilator/include/vltstd -DVERILATOR=1 -DVM_COVERAGE=0 -DVM_SC=0 -DVM_TIMING=1 -DVM_TRACE=1 -DVM_TRACE_FST=0 -DVM_TRACE_VCD=1 -DVM_TRACE_SAIF=0 -DVM_VPI=0 -faligned-new -fcf-protection=none -Wno-bool-operation -Wno-int-in-bool-context -Wno-shadow -Wno-sign-compare -Wno-subobject-linkage -Wno-tautological-compare -Wno-uninitialized -Wno-unused-but-set-parameter -Wno-unused-but-set-variable -Wno-unused-parameter -Wno-unused-variable    -DVL_TIME_CONTEXT   -fcoroutines -x c++-header Valu_tb__pch.h -o Valu_tb__pch.h.slow.gch
ccache g++   -I.  -MMD -I/usr/local/share/verilator/include -I/usr/local/share/verilator/include/vltstd -DVERILATOR=1 -DVM_COVERAGE=0 -DVM_SC=0 -DVM_TIMING=1 -DVM_TRACE=1 -DVM_TRACE_FST=0 -DVM_TRACE_VCD=1 -DVM_TRACE_SAIF=0 -DVM_VPI=0 -faligned-new -fcf-protection=none -Wno-bool-operation -Wno-int-in-bool-context -Wno-shadow -Wno-sign-compare -Wno-subobject-linkage -Wno-tautological-compare -Wno-uninitialized -Wno-unused-but-set-parameter -Wno-unused-but-set-variable -Wno-unused-parameter -Wno-unused-variable    -DVL_TIME_CONTEXT   -fcoroutines -include Valu_tb__pch.h.slow -c Valu_tb___024root__Slow.cpp
ccache g++   -I.  -MMD -I/usr/local/share/verilator/include -I/usr/local/share/verilator/include/vltstd -DVERILATOR=1 -DVM_COVERAGE=0 -DVM_SC=0 -DVM_TIMING=1 -DVM_TRACE=1 -DVM_TRACE_FST=0 -DVM_TRACE_VCD=1 -DVM_TRACE_SAIF=0 -DVM_VPI=0 -faligned-new -fcf-protection=none -Wno-bool-operation -Wno-int-in-bool-context -Wno-shadow -Wno-sign-compare -Wno-subobject-linkage -Wno-tautological-compare -Wno-uninitialized -Wno-unused-but-set-parameter -Wno-unused-but-set-variable -Wno-unused-parameter -Wno-unused-variable    -DVL_TIME_CONTEXT   -fcoroutines -include Valu_tb__pch.h.slow -c Valu_tb___024root__0__Slow.cpp
ccache g++   -I.  -MMD -I/usr/local/share/verilator/include -I/usr/local/share/verilator/include/vltstd -DVERILATOR=1 -DVM_COVERAGE=0 -DVM_SC=0 -DVM_TIMING=1 -DVM_TRACE=1 -DVM_TRACE_FST=0 -DVM_TRACE_VCD=1 -DVM_TRACE_SAIF=0 -DVM_VPI=0 -faligned-new -fcf-protection=none -Wno-bool-operation -Wno-int-in-bool-context -Wno-shadow -Wno-sign-compare -Wno-subobject-linkage -Wno-tautological-compare -Wno-uninitialized -Wno-unused-but-set-parameter -Wno-unused-but-set-variable -Wno-unused-parameter -Wno-unused-variable    -DVL_TIME_CONTEXT   -fcoroutines -include Valu_tb__pch.h.slow -c Valu_tb___024unit__Slow.cpp
ccache g++   -I.  -MMD -I/usr/local/share/verilator/include -I/usr/local/share/verilator/include/vltstd -DVERILATOR=1 -DVM_COVERAGE=0 -DVM_SC=0 -DVM_TIMING=1 -DVM_TRACE=1 -DVM_TRACE_FST=0 -DVM_TRACE_VCD=1 -DVM_TRACE_SAIF=0 -DVM_VPI=0 -faligned-new -fcf-protection=none -Wno-bool-operation -Wno-int-in-bool-context -Wno-shadow -Wno-sign-compare -Wno-subobject-linkage -Wno-tautological-compare -Wno-uninitialized -Wno-unused-but-set-parameter -Wno-unused-but-set-variable -Wno-unused-parameter -Wno-unused-variable    -DVL_TIME_CONTEXT   -fcoroutines -include Valu_tb__pch.h.slow -c Valu_tb_alu_if__Slow.cpp
ccache g++   -I.  -MMD -I/usr/local/share/verilator/include -I/usr/local/share/verilator/include/vltstd -DVERILATOR=1 -DVM_COVERAGE=0 -DVM_SC=0 -DVM_TIMING=1 -DVM_TRACE=1 -DVM_TRACE_FST=0 -DVM_TRACE_VCD=1 -DVM_TRACE_SAIF=0 -DVM_VPI=0 -faligned-new -fcf-protection=none -Wno-bool-operation -Wno-int-in-bool-context -Wno-shadow -Wno-sign-compare -Wno-subobject-linkage -Wno-tautological-compare -Wno-uninitialized -Wno-unused-but-set-parameter -Wno-unused-but-set-variable -Wno-unused-parameter -Wno-unused-variable    -DVL_TIME_CONTEXT   -fcoroutines -include Valu_tb__pch.h.slow -c Valu_tb_alu_if__0__Slow.cpp
ccache g++   -I.  -MMD -I/usr/local/share/verilator/include -I/usr/local/share/verilator/include/vltstd -DVERILATOR=1 -DVM_COVERAGE=0 -DVM_SC=0 -DVM_TIMING=1 -DVM_TRACE=1 -DVM_TRACE_FST=0 -DVM_TRACE_VCD=1 -DVM_TRACE_SAIF=0 -DVM_VPI=0 -faligned-new -fcf-protection=none -Wno-bool-operation -Wno-int-in-bool-context -Wno-shadow -Wno-sign-compare -Wno-subobject-linkage -Wno-tautological-compare -Wno-uninitialized -Wno-unused-but-set-parameter -Wno-unused-but-set-variable -Wno-unused-parameter -Wno-unused-variable    -DVL_TIME_CONTEXT   -fcoroutines -include Valu_tb__pch.h.slow -c Valu_tb__Syms__Slow.cpp
ccache g++   -I.  -MMD -I/usr/local/share/verilator/include -I/usr/local/share/verilator/include/vltstd -DVERILATOR=1 -DVM_COVERAGE=0 -DVM_SC=0 -DVM_TIMING=1 -DVM_TRACE=1 -DVM_TRACE_FST=0 -DVM_TRACE_VCD=1 -DVM_TRACE_SAIF=0 -DVM_VPI=0 -faligned-new -fcf-protection=none -Wno-bool-operation -Wno-int-in-bool-context -Wno-shadow -Wno-sign-compare -Wno-subobject-linkage -Wno-tautological-compare -Wno-uninitialized -Wno-unused-but-set-parameter -Wno-unused-but-set-variable -Wno-unused-parameter -Wno-unused-variable    -DVL_TIME_CONTEXT   -fcoroutines -include Valu_tb__pch.h.slow -c Valu_tb__Trace__0__Slow.cpp
ccache g++   -I.  -MMD -I/usr/local/share/verilator/include -I/usr/local/share/verilator/include/vltstd -DVERILATOR=1 -DVM_COVERAGE=0 -DVM_SC=0 -DVM_TIMING=1 -DVM_TRACE=1 -DVM_TRACE_FST=0 -DVM_TRACE_VCD=1 -DVM_TRACE_SAIF=0 -DVM_VPI=0 -faligned-new -fcf-protection=none -Wno-bool-operation -Wno-int-in-bool-context -Wno-shadow -Wno-sign-compare -Wno-subobject-linkage -Wno-tautological-compare -Wno-uninitialized -Wno-unused-but-set-parameter -Wno-unused-but-set-variable -Wno-unused-parameter -Wno-unused-variable    -DVL_TIME_CONTEXT   -fcoroutines -include Valu_tb__pch.h.slow -c Valu_tb__TraceDecls__0__Slow.cpp
ccache g++ -Os  -I.  -MMD -I/usr/local/share/verilator/include -I/usr/local/share/verilator/include/vltstd -DVERILATOR=1 -DVM_COVERAGE=0 -DVM_SC=0 -DVM_TIMING=1 -DVM_TRACE=1 -DVM_TRACE_FST=0 -DVM_TRACE_VCD=1 -DVM_TRACE_SAIF=0 -DVM_VPI=0 -faligned-new -fcf-protection=none -Wno-bool-operation -Wno-int-in-bool-context -Wno-shadow -Wno-sign-compare -Wno-subobject-linkage -Wno-tautological-compare -Wno-uninitialized -Wno-unused-but-set-parameter -Wno-unused-but-set-variable -Wno-unused-parameter -Wno-unused-variable    -DVL_TIME_CONTEXT   -fcoroutines -include Valu_tb__pch.h.fast -c Valu_tb.cpp
ccache g++ -Os  -I.  -MMD -I/usr/local/share/verilator/include -I/usr/local/share/verilator/include/vltstd -DVERILATOR=1 -DVM_COVERAGE=0 -DVM_SC=0 -DVM_TIMING=1 -DVM_TRACE=1 -DVM_TRACE_FST=0 -DVM_TRACE_VCD=1 -DVM_TRACE_SAIF=0 -DVM_VPI=0 -faligned-new -fcf-protection=none -Wno-bool-operation -Wno-int-in-bool-context -Wno-shadow -Wno-sign-compare -Wno-subobject-linkage -Wno-tautological-compare -Wno-uninitialized -Wno-unused-but-set-parameter -Wno-unused-but-set-variable -Wno-unused-parameter -Wno-unused-variable    -DVL_TIME_CONTEXT   -fcoroutines -include Valu_tb__pch.h.fast -c Valu_tb___024root__0.cpp
ccache g++ -Os  -I.  -MMD -I/usr/local/share/verilator/include -I/usr/local/share/verilator/include/vltstd -DVERILATOR=1 -DVM_COVERAGE=0 -DVM_SC=0 -DVM_TIMING=1 -DVM_TRACE=1 -DVM_TRACE_FST=0 -DVM_TRACE_VCD=1 -DVM_TRACE_SAIF=0 -DVM_VPI=0 -faligned-new -fcf-protection=none -Wno-bool-operation -Wno-int-in-bool-context -Wno-shadow -Wno-sign-compare -Wno-subobject-linkage -Wno-tautological-compare -Wno-uninitialized -Wno-unused-but-set-parameter -Wno-unused-but-set-variable -Wno-unused-parameter -Wno-unused-variable    -DVL_TIME_CONTEXT   -fcoroutines -include Valu_tb__pch.h.fast -c Valu_tb__main.cpp
ccache g++ -Os  -I.  -MMD -I/usr/local/share/verilator/include -I/usr/local/share/verilator/include/vltstd -DVERILATOR=1 -DVM_COVERAGE=0 -DVM_SC=0 -DVM_TIMING=1 -DVM_TRACE=1 -DVM_TRACE_FST=0 -DVM_TRACE_VCD=1 -DVM_TRACE_SAIF=0 -DVM_VPI=0 -faligned-new -fcf-protection=none -Wno-bool-operation -Wno-int-in-bool-context -Wno-shadow -Wno-sign-compare -Wno-subobject-linkage -Wno-tautological-compare -Wno-uninitialized -Wno-unused-but-set-parameter -Wno-unused-but-set-variable -Wno-unused-parameter -Wno-unused-variable    -DVL_TIME_CONTEXT   -fcoroutines -include Valu_tb__pch.h.fast -c Valu_tb__Trace__0.cpp
g++    verilated.o verilated_vcd_c.o verilated_timing.o verilated_threads.o Valu_tb__ALL.a    -pthread -lpthread -latomic   -o Valu_tb
rm Valu_tb__ALL.verilator_deplist.tmp
make[1]: Leaving directory '/tmp/tp1-sim.0dVnKp/obj_dir'
- V e r i l a t i o n   R e p o r t: Verilator 5.050 2026-07-01 rev v5.050-60-g3d2421f3b
- Verilator: Built from 0.097 MB sources in 10 modules, into 0.190 MB in 12 C++ files needing 0.001 MB
- Verilator: Walltime 1.175 s (elab=0.001, cvt=0.010, bld=1.159); cpu 0.019 s on 2 threads; allocated 39.652 MB
